// Jest Snapshot v1, https://goo.gl/fbAQLP

exports[`render app 1`] = `
<div>
  <div
    className="header offset-bottom"
  >
    <div
      className="container"
    >
      <p>
        home.title
        <br />
        <span
          dangerouslySetInnerHTML={
            Object {
              "__html": "home.description",
            }
          }
        />
      </p>
      <h2
        className="offset-top"
      >
        Last Added Shows
      </h2>
    </div>
  </div>
  <div
    className="container offset--top"
  >
    <div
      className="flex-grid"
    />
  </div>
</div>
`;
